=== 0. build a REAL synthetic Mid-360 .lscan (kMid360Points/kMid360Imu chunks) ===
$ /Users/admin/lidarscan/desktop/build/lidarscan --build-synth-mid360 /Users/admin/lidarscan/desktop/evidence/c4-synth-mid360.lscan --quit-after 3
[scanengine][info][engine] scanengine 0.1.0 (clock: mach_absolute_time) created for 'LidarScan Desktop' (pages: 64 × 1048576 pts)
[lidarscan] scanengine 0.1.0 (clock: mach_absolute_time)
[scanengine][info][record] file writer open at '/Users/admin/lidarscan/desktop/evidence/c4-synth-mid360.lscan'
[scanengine][info][record] opened stream file '/Users/admin/lidarscan/desktop/evidence/c4-synth-mid360.lscan/streams/imu.bin' (stream=imu)
[scanengine][info][record] opened stream file '/Users/admin/lidarscan/desktop/evidence/c4-synth-mid360.lscan/streams/lidar.bin' (stream=lidar-mid360)
[lidarscan] build-synth-mid360: /Users/admin/lidarscan/desktop/evidence/c4-synth-mid360.lscan — 1667 point packets (127425 points), 1601 IMU packets, 8.0 s
FEngine (64 bits) created at 0x911131800 (threading is enabled)
FEngine resolved backend: Metal
Selected physical device 'Apple M4'
Supported GPU families: 
  MTLGPUFamilyCommon3
  MTLGPUFamilyApple7
  MTLGPUFamilyMac2
Features:
  readWriteTextureSupport: true
Backend feature level: 3
FEngine feature level: 1
=== 1. C4: a REAL post-process job through ProcessingDock's JobQueue, end to end ===
$ /Users/admin/lidarscan/desktop/build/lidarscan --post-e2e /Users/admin/lidarscan/desktop/evidence/c4-synth-mid360.lscan --shot /Users/admin/lidarscan/desktop/evidence/09-post-process.png --shot-delay 6 --quit-after 10
[scanengine][info][engine] scanengine 0.1.0 (clock: mach_absolute_time) created for 'LidarScan Desktop' (pages: 64 × 1048576 pts)
[lidarscan] scanengine 0.1.0 (clock: mach_absolute_time)
[lidarscan] post-e2e: job #1 submitted for /Users/admin/lidarscan/desktop/evidence/c4-synth-mid360.lscan
[scanengine][info][lio] initialized: |a|=9.8589 m/s^2, bg=(0.00356 0.00388 0.00421) rad/s
[lidarscan] post-e2e: job #1 running — 0% (opening recording) 
[lidarscan] post-e2e: job #1 running — 0% (opening recording) 
[lidarscan] post-e2e: job #1 running — 35% (full-density odometry) 
[lidarscan] post-e2e: job #1 running — 35% (full-density odometry) 
[lidarscan] post-e2e: job #1 running — 93% (filtering) 
[lidarscan] post-e2e: job #1 done — 100% (done) 
[lidarscan] post-e2e: DONE — 83228 points in the result cloud
[lidarscan] post-e2e: result loaded into the viewport
[lidarscan] screenshot OK -> /Users/admin/lidarscan/desktop/evidence/09-post-process.png | 83228 pts / 1 pages | 59.6 fps | cpu p95 0.07 ms | gpu p95 1.16 ms | 758x946 px dpr 1.00 | swapchains 0
FEngine (64 bits) created at 0xc3b8f8000 (threading is enabled)
FEngine resolved backend: Metal
Selected physical device 'Apple M4'
Supported GPU families: 
  MTLGPUFamilyCommon3
  MTLGPUFamilyApple7
  MTLGPUFamilyMac2
Features:
  readWriteTextureSupport: true
Backend feature level: 3
FEngine feature level: 1
=== 1b. C4: Submit-to-cloud fails GRACEFULLY against a real socket, no server present ===
$ /Users/admin/lidarscan/desktop/build/lidarscan --cloud-submit-selftest https://127.0.0.1:1/v1 --quit-after 40
[scanengine][info][engine] scanengine 0.1.0 (clock: mach_absolute_time) created for 'LidarScan Desktop' (pages: 64 × 1048576 pts)
[lidarscan] scanengine 0.1.0 (clock: mach_absolute_time)
[lidarscan] cloud-submit-selftest: job #1 submitted against https://127.0.0.1:1/v1
[lidarscan] cloud-submit-selftest: job #1 settled as failed (error=network error, message=network error) — the app is still running, which is the point
FEngine (64 bits) created at 0x8b1063800 (threading is enabled)
FEngine resolved backend: Metal
Selected physical device 'Apple M4'
Supported GPU families: 
  MTLGPUFamilyCommon3
  MTLGPUFamilyApple7
  MTLGPUFamilyMac2
Features:
  readWriteTextureSupport: true
Backend feature level: 3
FEngine feature level: 1
=== 2. C5: extract + export the A12 synthetic building fixture ===
$ /Users/admin/lidarscan/desktop/build/lidarscan --plan-fixture --plan-extract --plan-export-dxf /Users/admin/lidarscan/desktop/evidence/floorplan.dxf --plan-export-pdf /Users/admin/lidarscan/desktop/evidence/floorplan.pdf --plan-shot /Users/admin/lidarscan/desktop/evidence/10-plan.png --plan-delay 2 --quit-after 12
[scanengine][info][engine] scanengine 0.1.0 (clock: mach_absolute_time) created for 'LidarScan Desktop' (pages: 64 × 1048576 pts)
[lidarscan] scanengine 0.1.0 (clock: mach_absolute_time)
[lidarscan] plan-fixture: loaded
[lidarscan] plan-extract: 6 walls, 3 openings, 3 rooms, 38.28 m2 total area, slice 1.00..1.50 m
[lidarscan] plan-extract:   room R1: 11.1963 m2
[lidarscan] plan-extract:   room R2: 13.2843 m2
[lidarscan] plan-extract:   room R3: 13.7979 m2
[lidarscan] plan-export-dxf: OK -> /Users/admin/lidarscan/desktop/evidence/floorplan.dxf
[lidarscan] plan-export-pdf: OK -> /Users/admin/lidarscan/desktop/evidence/floorplan.pdf
[lidarscan] plan-shot: OK -> /Users/admin/lidarscan/desktop/evidence/10-plan.png
FEngine (64 bits) created at 0xbb7ab8000 (threading is enabled)
FEngine resolved backend: Metal
Selected physical device 'Apple M4'
Supported GPU families: 
  MTLGPUFamilyCommon3
  MTLGPUFamilyApple7
  MTLGPUFamilyMac2
Features:
  readWriteTextureSupport: true
Backend feature level: 3
FEngine feature level: 1
=== 3. DXF: from-scratch reader, independent of A12's own writer/tests ===
$ python3 /Users/admin/lidarscan/desktop/scripts/check_dxf.py /Users/admin/lidarscan/desktop/evidence/floorplan.dxf
OK: /Users/admin/lidarscan/desktop/evidence/floorplan.dxf: AC1009, 4 sections, 15 POLYLINE/SEQEND pairs, 28 entities, layers=['DIMENSIONS', 'OPENINGS', 'ROOMS', 'WALLS']
=== 4. PDF: Quick Look thumbnail (A12's own verification style — no CAD/DXF viewer here either) ===
$ qlmanage -t -s 1000 -o /Users/admin/lidarscan/desktop/evidence /Users/admin/lidarscan/desktop/evidence/floorplan.pdf
Testing Quick Look thumbnails with files:
	/Users/admin/lidarscan/desktop/evidence/floorplan.pdf
* /Users/admin/lidarscan/desktop/evidence/floorplan.pdf produced one thumbnail
Done producing thumbnails
$ ls -la /Users/admin/lidarscan/desktop/evidence/floorplan.dxf /Users/admin/lidarscan/desktop/evidence/floorplan.pdf /Users/admin/lidarscan/desktop/evidence/floorplan.pdf.png
-rw-r--r--  1 admin  staff   6164 15 Aug 13:56 /Users/admin/lidarscan/desktop/evidence/floorplan.dxf
-rw-r--r--  1 admin  staff   2762 15 Aug 13:56 /Users/admin/lidarscan/desktop/evidence/floorplan.pdf
-rw-r--r--  1 admin  staff  28779 15 Aug 13:57 /Users/admin/lidarscan/desktop/evidence/floorplan.pdf.png
verification complete — see /Users/admin/lidarscan/desktop/evidence
