=== 0. reuse (or (re)build) the C1 synthetic capture ===
$ /Users/admin/lidarscan/desktop/build/lidarscan --project /Users/admin/lidarscan/desktop/evidence/c2c3-synth.lscan --import-raw /Users/admin/lidarscan/desktop/evidence/synth-d6.bin --quit-after 3
[scanengine][info][engine] scanengine 0.1.0 (clock: mach_absolute_time) created for 'LidarScan Desktop' (pages: 64 × 1048576 pts)
[lidarscan] scanengine 0.1.0 (clock: mach_absolute_time)
[scanengine][info][engine] scanengine 0.1.0 (clock: mach_absolute_time) created for 'LidarScan import' (pages: 64 × 1048576 pts)
[scanengine][info][engine] idle -> starting
[scanengine][info][record] file writer open at '/Users/admin/lidarscan/desktop/evidence/c2c3-synth.lscan'
[scanengine][info][engine] starting -> running
[scanengine][info][engine] added device 1 (coin-d6)
[scanengine][info][serial] started 'import' @ 230400 baud
[scanengine][info][d6] device 1: idle -> starting
[scanengine][info][record] opened stream file '/Users/admin/lidarscan/desktop/evidence/c2c3-synth.lscan/streams/lidar.bin' (stream=lidar-d6)
[scanengine][info][d6] device 1: starting -> streaming
[scanengine][info][engine] running -> stopping
[scanengine][info][d6] device 1: streaming -> stopping
[scanengine][info][d6] device 1: stopping -> idle
[scanengine][info][engine] stopping -> idle
[lidarscan] imported 394287 bytes -> 120300 points -> /Users/admin/lidarscan/desktop/evidence/c2c3-synth.lscan
FEngine (64 bits) created at 0x844da6800 (threading is enabled)
FEngine resolved backend: Metal
Selected physical device 'Apple M4'
Supported GPU families: 
  MTLGPUFamilyCommon3
  MTLGPUFamilyApple7
  MTLGPUFamilyMac2
Features:
  readWriteTextureSupport: true
Backend feature level: 3
FEngine feature level: 1
=== 1. measure tool: two real clicks through ViewportWindow's own event path ===
$ /Users/admin/lidarscan/desktop/build/lidarscan --project /Users/admin/lidarscan/desktop/evidence/c2c3-synth.lscan --replay=0 --measure-selftest --shot /Users/admin/lidarscan/desktop/evidence/06-measure.png --shot-delay 7 --quit-after 10
[scanengine][info][engine] scanengine 0.1.0 (clock: mach_absolute_time) created for 'LidarScan Desktop' (pages: 64 × 1048576 pts)
[lidarscan] scanengine 0.1.0 (clock: mach_absolute_time)
[scanengine][info][engine] idle -> starting
[scanengine][info][engine] starting -> running
[scanengine][info][engine] added device 1 (coin-d6)
[scanengine][info][serial] started 'replay' @ 230400 baud
[scanengine][info][d6] device 1: idle -> starting
[lidarscan] replay started at 0x
[scanengine][info][d6] device 1: starting -> streaming
[scanengine][info][d6] device 1: streaming -> stalleddevice not responding
[lidarscan] measure-selftest: segment (1.500,-1.500,0.000) -> (2.000,0.903,0.000) = 2.4541 m
[lidarscan] screenshot OK -> /Users/admin/lidarscan/desktop/evidence/06-measure.png | 120300 pts / 1 pages | 59.3 fps | cpu p95 0.21 ms | gpu p95 2.06 ms | 892x913 px dpr 1.00 | swapchains 0
[scanengine][info][engine] running -> stopping
[scanengine][info][d6] device 1: stalled -> stopping
[scanengine][info][d6] device 1: stopping -> idle
[scanengine][info][engine] stopping -> idle
FEngine (64 bits) created at 0xcb0dd6800 (threading is enabled)
FEngine resolved backend: Metal
Selected physical device 'Apple M4'
Supported GPU families: 
  MTLGPUFamilyCommon3
  MTLGPUFamilyApple7
  MTLGPUFamilyMac2
Features:
  readWriteTextureSupport: true
Backend feature level: 3
FEngine feature level: 1
=== 2. export the replayed cloud: PLY / LAS / PCD (same export_points() ExportDialog uses) ===
$ /Users/admin/lidarscan/desktop/build/lidarscan --project /Users/admin/lidarscan/desktop/evidence/c2c3-synth.lscan --replay=0 --export ply:/Users/admin/lidarscan/desktop/evidence/export-c2c3.ply --export-delay 6 --quit-after 9
[scanengine][info][engine] scanengine 0.1.0 (clock: mach_absolute_time) created for 'LidarScan Desktop' (pages: 64 × 1048576 pts)
[lidarscan] scanengine 0.1.0 (clock: mach_absolute_time)
[scanengine][info][engine] idle -> starting
[scanengine][info][engine] starting -> running
[scanengine][info][engine] added device 1 (coin-d6)
[scanengine][info][serial] started 'replay' @ 230400 baud
[scanengine][info][d6] device 1: idle -> starting
[lidarscan] replay started at 0x
[scanengine][info][d6] device 1: starting -> streaming
[scanengine][info][d6] device 1: streaming -> stalleddevice not responding
[lidarscan] export /Users/admin/lidarscan/desktop/evidence/export-c2c3.ply -> OK: ok
[scanengine][info][engine] running -> stopping
[scanengine][info][d6] device 1: stalled -> stopping
[scanengine][info][d6] device 1: stopping -> idle
[scanengine][info][engine] stopping -> idle
FEngine (64 bits) created at 0x947023800 (threading is enabled)
FEngine resolved backend: Metal
Selected physical device 'Apple M4'
Supported GPU families: 
  MTLGPUFamilyCommon3
  MTLGPUFamilyApple7
  MTLGPUFamilyMac2
Features:
  readWriteTextureSupport: true
Backend feature level: 3
FEngine feature level: 1
$ /Users/admin/lidarscan/desktop/build/lidarscan --project /Users/admin/lidarscan/desktop/evidence/c2c3-synth.lscan --replay=0 --export las:/Users/admin/lidarscan/desktop/evidence/export-c2c3.las --export-delay 6 --quit-after 9
[scanengine][info][engine] scanengine 0.1.0 (clock: mach_absolute_time) created for 'LidarScan Desktop' (pages: 64 × 1048576 pts)
[lidarscan] scanengine 0.1.0 (clock: mach_absolute_time)
[scanengine][info][engine] idle -> starting
[scanengine][info][engine] starting -> running
[scanengine][info][engine] added device 1 (coin-d6)
[scanengine][info][serial] started 'replay' @ 230400 baud
[scanengine][info][d6] device 1: idle -> starting
[lidarscan] replay started at 0x
[scanengine][info][d6] device 1: starting -> streaming
[scanengine][info][d6] device 1: streaming -> stalleddevice not responding
[lidarscan] export /Users/admin/lidarscan/desktop/evidence/export-c2c3.las -> OK: ok
[scanengine][info][engine] running -> stopping
[scanengine][info][d6] device 1: stalled -> stopping
[scanengine][info][d6] device 1: stopping -> idle
[scanengine][info][engine] stopping -> idle
FEngine (64 bits) created at 0xb78db2800 (threading is enabled)
FEngine resolved backend: Metal
Selected physical device 'Apple M4'
Supported GPU families: 
  MTLGPUFamilyCommon3
  MTLGPUFamilyApple7
  MTLGPUFamilyMac2
Features:
  readWriteTextureSupport: true
Backend feature level: 3
FEngine feature level: 1
$ /Users/admin/lidarscan/desktop/build/lidarscan --project /Users/admin/lidarscan/desktop/evidence/c2c3-synth.lscan --replay=0 --export pcd:/Users/admin/lidarscan/desktop/evidence/export-c2c3.pcd --export-delay 6 --quit-after 9
[scanengine][info][engine] scanengine 0.1.0 (clock: mach_absolute_time) created for 'LidarScan Desktop' (pages: 64 × 1048576 pts)
[lidarscan] scanengine 0.1.0 (clock: mach_absolute_time)
[scanengine][info][engine] idle -> starting
[scanengine][info][engine] starting -> running
[scanengine][info][engine] added device 1 (coin-d6)
[scanengine][info][serial] started 'replay' @ 230400 baud
[scanengine][info][d6] device 1: idle -> starting
[lidarscan] replay started at 0x
[scanengine][info][d6] device 1: starting -> streaming
[scanengine][info][d6] device 1: streaming -> stalleddevice not responding
[lidarscan] export /Users/admin/lidarscan/desktop/evidence/export-c2c3.pcd -> OK: ok
[scanengine][info][engine] running -> stopping
[scanengine][info][d6] device 1: stalled -> stopping
[scanengine][info][d6] device 1: stopping -> idle
[scanengine][info][engine] stopping -> idle
FEngine (64 bits) created at 0xc5eda6800 (threading is enabled)
FEngine resolved backend: Metal
Selected physical device 'Apple M4'
Supported GPU families: 
  MTLGPUFamilyCommon3
  MTLGPUFamilyApple7
  MTLGPUFamilyMac2
Features:
  readWriteTextureSupport: true
Backend feature level: 3
FEngine feature level: 1
=== 3. re-import the PLY export with a from-scratch reader (independent of A9's own) ===
$ python3 /Users/admin/lidarscan/desktop/scripts/check_ply.py /Users/admin/lidarscan/desktop/evidence/export-c2c3.ply
OK: /Users/admin/lidarscan/desktop/evidence/export-c2c3.ply: 120300 points, properties=['x', 'y', 'z', 'red', 'green', 'blue', 'intensity'], bounds=(-2.001,-1.500,0.000)..(2.001,1.500,0.000)
=== 4. file sizes for all three formats ===
$ ls -la /Users/admin/lidarscan/desktop/evidence/export-c2c3.ply /Users/admin/lidarscan/desktop/evidence/export-c2c3.las /Users/admin/lidarscan/desktop/evidence/export-c2c3.pcd
-rw-r--r--  1 admin  staff  3128653 15 Aug 05:16 /Users/admin/lidarscan/desktop/evidence/export-c2c3.las
-rw-r--r--  1 admin  staff  2406200 15 Aug 05:16 /Users/admin/lidarscan/desktop/evidence/export-c2c3.pcd
-rw-r--r--  1 admin  staff  1925061 15 Aug 05:16 /Users/admin/lidarscan/desktop/evidence/export-c2c3.ply
=== 5. Mid-360 self-test against the S2 simulator on loopback ===
$ /Users/admin/lidarscan/desktop/build/lidarscan --mid360-selftest 127.000.000.001:127.0.0.1 --quit-after 12
[scanengine][info][engine] scanengine 0.1.0 (clock: mach_absolute_time) created for 'LidarScan Desktop' (pages: 64 × 1048576 pts)
[lidarscan] scanengine 0.1.0 (clock: mach_absolute_time)
[scanengine][info][engine] idle -> starting
[scanengine][info][engine] starting -> running
[scanengine][info][engine] added device 1 (livox-mid360)
[scanengine][info][mid360] device 1: SDK2 up (config /var/folders/67/_n7jspjn69s9z0l0v2g6ycbh0000gn/T/scanengine_mid360_1_0.json), waiting for 127.0.0.1
[scanengine][info][mid360] device 1: idle -> starting
[scanengine][info][mid360] device 1: started, backend=sdk2 lidar=127.0.0.1 host=127.000.000.001 point:56301 imu:56401 (decimation 1/5, filter: no-return=1 tag-mask=0x0C)
[scanengine][info][mid360] device 1: connected (sn=3GGDJ6K00100001 ip=127.0.0.1)
[scanengine][info][mid360] handle 16777343: configured (sn=3GGDJ6K00100001 ip=127.0.0.1)
[scanengine][info][engine] running -> stopping
[scanengine][info][mid360] device 1: starting -> stopping
[scanengine][info][mid360] device 1: SDK2 torn down
[scanengine][info][mid360] device 1: stopping -> idle
[scanengine][info][engine] stopping -> idle
[lidarscan] mid360-selftest FAILED — no packet within 8 s (device state: starting)
FEngine (64 bits) created at 0xca1023800 (threading is enabled)
FEngine resolved backend: Metal
Selected physical device 'Apple M4'
Supported GPU families: 
  MTLGPUFamilyCommon3
  MTLGPUFamilyApple7
  MTLGPUFamilyMac2
Features:
  readWriteTextureSupport: true
Backend feature level: 3
FEngine feature level: 1
verification complete — see /Users/admin/lidarscan/desktop/evidence
